src/components/3d/stops/PlanetsAndMoons.tsx(10,117): error TS2305: Module '"react-icons/si"' has no exported member 'SiOracle'.
